- J. Infect. Dis.-2024.pdf
-Blood Adv.-2023.pdf
Abdelhakim-Blood-2025.pdf
Alba-Int. J. Mol. Sci.-2026.pdf
Alrugaib-Pediatr. Transplant.-2023.pdf
Andermann-Transplant. Cell. Ther.-2021.pdf
Andrlova-Blood-2021.pdf
Andrlová-Sci. Transl. Med.-2022.pdf
Ara-Blood-2018.pdf
Ara-Front. Immunol.-2021.pdf
Ara-Sci. Transl. Med.-2020.pdf
Araújo-Rev. Bras. Ginecol. e Obstetrícia-2025.pdf
Artacho-Microbiome-2024.pdf
Bacigalupo-Expert Rev. Hematol.-2020.pdf
Bai-Exp. Hematol.-2025.pdf
Bansal-Blood-2019.pdf
Barrett-Best Pr. Res. Clin. Haematol.-2018.pdf
Bastard-World J. Gastroenterol.-2021.pdf
Battipaglia-Haematologica-2019.pdf
Bayer-Leukemia-2022.pdf
Beak-J. Transl. Med.-2022.pdf
Beckerson-Blood-2016.pdf
Beckerson-Clin. Nutr.-2019.pdf
Beckman-Support. Care Cancer-2021.pdf
Beier-Blood-2010.pdf
Bekker-Biol. Blood Marrow Transplant.-2019.pdf
Bekkum-Transplant. Proc.-1977.pdf
Bhattacharyya-Biol. Blood Marrow Transplant.-2018.pdf
Biagi-BMC Méd. Genom.-2019.pdf
Biennier-Microorganisms-2024.pdf
Biernacki-Blood-2023.pdf
Biernat-J. Int. Méd. Res.-2020.pdf
Bilinski-Biol. Blood Marrow Transplant.-2016.pdf
Biliński-Biomedicines-2022.pdf
Biscaglia-Nutrients-2025.pdf
Blair-Blood Adv.-2023.pdf
Blair-Blood-2019.pdf
Böhm-memo - Mag. Eur. Méd. Oncol.-2021.pdf
Braitsch-Blood-2024.pdf
Brehm-Transplant. Cell. Ther.-2025.pdf
Bu-J. Inflamm. Res.-2023.pdf
Bu-Stem Cell Rev. Rep.-2023.pdf
Bu-Transplant. Cell. Ther.-2024.pdf
Buchele-J. Vis. Exp.-2019.pdf
Butters-Expert Rev. Anti-Infect. Ther.-2023.pdf
Calcaterra- J. Immunol.-2008.pdf
Campana-IDCases-2020.pdf
Cardones-Blood Adv.-2025.pdf
Chakrabartty-Blood-2020.pdf
Chang-Expert Opin. Biol. Ther.-2021.pdf
Chatterjee-J. Exp. Med.-2025.pdf
Chen-J. Immunol. Res.-2015.pdf
Chen-Zhongguo shi yan xue ye xue za zhi-2019.pdf
Chiusolo-Blood-2015.pdf
Chung-Blood-2019.pdf
Coman-Bull. du Cancer-2025.pdf
Corcione-Sci. Rep.-2025.pdf
Crossland-Front. Immunol.-2020.pdf
Czech-Sci. Transl. Med.-2024.pdf
Dai-Blood-2021.pdf
Daoud-Asfour-Transplant. Cell. Ther.-2022.pdf
DeFilipp-Biol. Blood Marrow Transplant.-2019.pdf
DeFilipp-Blood Adv.-2018.pdf
Deeg-Front. Immunol.-2021.pdf
Devaux-Front. Microbiol.-2020.pdf
Dickter-Microbiol. Spectr.-2025.pdf
Din-Mol. Med.-2025.pdf
Docampo-Biol. Blood Marrow Transplant.-2015.pdf
Docampo-Blood-2022.pdf
Doki-Ann. Hematol.-2017.pdf
Dougé-BMJ Open-2023.pdf
Dougé-Bull. du Cancer-2020.pdf
Du-Blood-2023.pdf
Dubberke-Transplant. Direct-2017.pdf
Dubin-Infect. Immun.-2019.pdf
Ebigbo-Microorganisms-2025.pdf
Elmaagacli-Blood-2004.pdf
Eriguchi-Blood-2012.pdf
Fan-Blood Adv.-2026.pdf
Faraci-Sci. Rep.-2024.pdf
Farhadfar-Blood-2018.pdf
Ferrara-J. Clin. Investig.-2017.pdf
Finotto-Mediterr. J. Hematol. Infect. Dis.-2025.pdf
Fischer-Cell. Immunol.-2017.pdf
Fischer-Sci. Transl. Med.-2017.pdf
Fujimoto-Nature-2024.pdf
Fujiwara-Blood-2016.pdf
Fujiwara-Front. Immunol.-2021.pdf
Fujiwara-Nat. Commun.-2018.pdf
Gail-Front. Immunol.-2023.pdf
Gandhi-Blood-2020.pdf
Ganetsky-Blood-2016.pdf
Gao-Front. Immunol.-2021.pdf
Gao-Transplant. Cell. Ther.-2023.pdf
Gardner-Transplant. Cell. Ther.-2022.pdf
Gavriilaki-Biol. Blood Marrow Transplant.-2020.pdf
Gavriilaki-Blood-2019.pdf
Gavriilaki-Int. J. Mol. Sci.-2024.pdf
Gerbitz-Blood-2004.pdf
Ghimire-Front. Immunol.-2021.pdf
Ghimire-Front. Immunol.-2022.pdf
Giaccone-Expert Rev. Hematol.-2021.pdf
Godefroy-Blood-2020.pdf
Godefroy-Curr. Opin. Immunol.-2025.pdf
Godefroy-JCI Insight-2024.pdf
Goeser-Eur. J. Haematol.-2021.pdf
Golob-Clin. Infect. Dis.-2017.pdf
Goloshchapov-Ter. arkhiv-2020.pdf
González-Rico-Int. J. Infect. Dis.-2025.pdf
Gooptu-Haematologica-2020.pdf
Gorshein-Blood-2014.pdf
Gorshein-Clin. Transplant.-2017.pdf
Göldel-Blood-2024.pdf
Göttert-Blood-2022.pdf
