 Cancer J.-2023.pdf
 J. Immunol.-2008.pdf
 J. Immunol.-2020.pdf
 J. Infect. Dis.-2017.pdf
 J. Infect. Dis.-2023.pdf
 J. Infect. Dis.-2024.pdf
 Korean J. Gastroenterol.-2025.pdf
 Korean J. Med.-2021.pdf
 Lancet Haematol.-2022.pdf
1954689.pdf
1954691.pdf
1954697.pdf
1954698.pdf
1954699.pdf
1954705.pdf
1954706.pdf
1954710.pdf
Adv. Sci.-2026.pdf
Am. J. Hematol.-2018.pdf
Am. J. Ophthalmol.-2022.pdf
Am. J. Transplant.-2018.pdf
Am. J. Transplant.-2020.pdf
Ann. Hematol.-2017.pdf
Ann. Hematol.-2018.pdf
Ann. Hematol.-2021.pdf
Ann. Hematol.-2022.pdf
Ann. Hematol.-2023.pdf
Ann. Hematol.-2024.1.pdf
Ann. Hematol.-2024.pdf
Ann. Hematol.-2025.pdf
Annu. Rev. Immunol.-2021.pdf
Annu. Rev. Pathol.: Mech. Dis.-2017.pdf
BMC Infect. Dis.-2024.pdf
BMC Med.-2025.pdf
BMC Méd. Genom.-2019.pdf
BMJ Open-2023.pdf
BMJ Open-2024.pdf
Best Pr. Res. Clin. Haematol.-2015.pdf
Best Pr. Res. Clin. Haematol.-2018.pdf
Best Pr. Res. Clin. Haematol.-2024.pdf
Biol. Blood Marrow Transplant.-2013.pdf
Biol. Blood Marrow Transplant.-2014.pdf
